ERROR - 2026-01-28 07:59:56 --> Unknown column 't.fecha_turno' in 'where clause'
CRITICAL - 2026-01-28 07:59:56 --> Unknown column 't.fecha_turno' in 'where clause'
#0 C:\xampp\htdocs\BarberiaKing\system\Database\MySQLi\Connection.php(292): mysqli->query('SELECT `t`.*, `...', 0)
#1 C:\xampp\htdocs\BarberiaKing\system\Database\BaseConnection.php(670): CodeIgniter\Database\MySQLi\Connection->execute('SELECT `t`.*, `...')
#2 C:\xampp\htdocs\BarberiaKing\system\Database\BaseConnection.php(598): CodeIgniter\Database\BaseConnection->simpleQuery('SELECT `t`.*, `...')
#3 C:\xampp\htdocs\BarberiaKing\system\Database\BaseBuilder.php(1455): CodeIgniter\Database\BaseConnection->query('SELECT `t`.*, `...', Array, false)
#4 C:\xampp\htdocs\BarberiaKing\app\Models\turnos_model.php(48): CodeIgniter\Database\BaseBuilder->get()
#5 C:\xampp\htdocs\BarberiaKing\app\Controllers\Turnos_controller.php(37): App\Models\Turnos_model->obtenerTurnos(Array)
#6 C:\xampp\htdocs\BarberiaKing\system\CodeIgniter.php(832): App\Controllers\Turnos_controller->ListarTurnos()
#7 C:\xampp\htdocs\BarberiaKing\system\CodeIgniter.php(419): CodeIgniter\CodeIgniter->runController(Object(App\Controllers\Turnos_controller))
#8 C:\xampp\htdocs\BarberiaKing\system\CodeIgniter.php(326): CodeIgniter\CodeIgniter->handleRequest(NULL, Object(Config\Cache), false)
#9 C:\xampp\htdocs\BarberiaKing\index.php(45): CodeIgniter\CodeIgniter->run()
#10 {main}
ERROR - 2026-01-28 11:02:12 --> Unknown column 'fecha_turno' in 'field list'
CRITICAL - 2026-01-28 11:02:12 --> Unknown column 'fecha_turno' in 'field list'
#0 C:\xampp\htdocs\BarberiaKing\system\Database\MySQLi\Connection.php(292): mysqli->query('INSERT INTO `tu...', 0)
#1 C:\xampp\htdocs\BarberiaKing\system\Database\BaseConnection.php(670): CodeIgniter\Database\MySQLi\Connection->execute('INSERT INTO `tu...')
#2 C:\xampp\htdocs\BarberiaKing\system\Database\BaseConnection.php(598): CodeIgniter\Database\BaseConnection->simpleQuery('INSERT INTO `tu...')
#3 C:\xampp\htdocs\BarberiaKing\system\Database\BaseBuilder.php(1771): CodeIgniter\Database\BaseConnection->query('INSERT INTO `tu...', Array, false)
#4 C:\xampp\htdocs\BarberiaKing\system\Model.php(239): CodeIgniter\Database\BaseBuilder->insert()
#5 C:\xampp\htdocs\BarberiaKing\system\BaseModel.php(738): CodeIgniter\Model->doInsert(Array)
#6 C:\xampp\htdocs\BarberiaKing\system\Model.php(625): CodeIgniter\BaseModel->insert(Array, true)
#7 C:\xampp\htdocs\BarberiaKing\app\Controllers\Turnos_controller.php(357): CodeIgniter\Model->insert(Array)
#8 C:\xampp\htdocs\BarberiaKing\system\CodeIgniter.php(832): App\Controllers\Turnos_controller->RegistrarTurnoOnline()
#9 C:\xampp\htdocs\BarberiaKing\system\CodeIgniter.php(419): CodeIgniter\CodeIgniter->runController(Object(App\Controllers\Turnos_controller))
#10 C:\xampp\htdocs\BarberiaKing\system\CodeIgniter.php(326): CodeIgniter\CodeIgniter->handleRequest(NULL, Object(Config\Cache), false)
#11 C:\xampp\htdocs\BarberiaKing\index.php(45): CodeIgniter\CodeIgniter->run()
#12 {main}
CRITICAL - 2026-01-28 11:05:17 --> Undefined variable $fechaTurno
#0 C:\xampp\htdocs\BarberiaKing\app\Controllers\Turnos_controller.php(315): CodeIgniter\Debug\Exceptions->errorHandler(2, 'Undefined varia...', 'C:\\xampp\\htdocs...', 315)
#1 C:\xampp\htdocs\BarberiaKing\system\CodeIgniter.php(832): App\Controllers\Turnos_controller->RegistrarTurnoOnline()
#2 C:\xampp\htdocs\BarberiaKing\system\CodeIgniter.php(419): CodeIgniter\CodeIgniter->runController(Object(App\Controllers\Turnos_controller))
#3 C:\xampp\htdocs\BarberiaKing\system\CodeIgniter.php(326): CodeIgniter\CodeIgniter->handleRequest(NULL, Object(Config\Cache), false)
#4 C:\xampp\htdocs\BarberiaKing\index.php(45): CodeIgniter\CodeIgniter->run()
#5 {main}
ERROR - 2026-01-28 08:07:36 --> Unknown column 't.fecha_turno' in 'where clause'
CRITICAL - 2026-01-28 08:07:36 --> Unknown column 't.fecha_turno' in 'where clause'
#0 C:\xampp\htdocs\BarberiaKing\system\Database\MySQLi\Connection.php(292): mysqli->query('SELECT `t`.*, `...', 0)
#1 C:\xampp\htdocs\BarberiaKing\system\Database\BaseConnection.php(670): CodeIgniter\Database\MySQLi\Connection->execute('SELECT `t`.*, `...')
#2 C:\xampp\htdocs\BarberiaKing\system\Database\BaseConnection.php(598): CodeIgniter\Database\BaseConnection->simpleQuery('SELECT `t`.*, `...')
#3 C:\xampp\htdocs\BarberiaKing\system\Database\BaseBuilder.php(1455): CodeIgniter\Database\BaseConnection->query('SELECT `t`.*, `...', Array, false)
#4 C:\xampp\htdocs\BarberiaKing\app\Models\turnos_model.php(48): CodeIgniter\Database\BaseBuilder->get()
#5 C:\xampp\htdocs\BarberiaKing\app\Controllers\Turnos_controller.php(37): App\Models\Turnos_model->obtenerTurnos(Array)
#6 C:\xampp\htdocs\BarberiaKing\system\CodeIgniter.php(832): App\Controllers\Turnos_controller->ListarTurnos()
#7 C:\xampp\htdocs\BarberiaKing\system\CodeIgniter.php(419): CodeIgniter\CodeIgniter->runController(Object(App\Controllers\Turnos_controller))
#8 C:\xampp\htdocs\BarberiaKing\system\CodeIgniter.php(326): CodeIgniter\CodeIgniter->handleRequest(NULL, Object(Config\Cache), false)
#9 C:\xampp\htdocs\BarberiaKing\index.php(45): CodeIgniter\CodeIgniter->run()
#10 {main}
CRITICAL - 2026-01-28 08:09:40 --> date() expects at least 1 argument, 0 given
#0 C:\xampp\htdocs\BarberiaKing\app\Controllers\Turnos_controller.php(35): date()
#1 C:\xampp\htdocs\BarberiaKing\system\CodeIgniter.php(832): App\Controllers\Turnos_controller->ListarTurnos()
#2 C:\xampp\htdocs\BarberiaKing\system\CodeIgniter.php(419): CodeIgniter\CodeIgniter->runController(Object(App\Controllers\Turnos_controller))
#3 C:\xampp\htdocs\BarberiaKing\system\CodeIgniter.php(326): CodeIgniter\CodeIgniter->handleRequest(NULL, Object(Config\Cache), false)
#4 C:\xampp\htdocs\BarberiaKing\index.php(45): CodeIgniter\CodeIgniter->run()
#5 {main}
CRITICAL - 2026-01-28 08:30:35 --> Undefined array key "hora_turno"
#0 C:\xampp\htdocs\BarberiaKing\app\Views\turnos\ListaTurnos_view.php(160): CodeIgniter\Debug\Exceptions->errorHandler(2, 'Undefined array...', 'C:\\xampp\\htdocs...', 160)
#1 C:\xampp\htdocs\BarberiaKing\system\View\View.php(210): include('C:\\xampp\\htdocs...')
#2 C:\xampp\htdocs\BarberiaKing\system\View\View.php(213): CodeIgniter\View\View->CodeIgniter\View\{closure}()
#3 C:\xampp\htdocs\BarberiaKing\system\Common.php(1089): CodeIgniter\View\View->render('turnos/ListaTur...', Array, true)
#4 C:\xampp\htdocs\BarberiaKing\app\Controllers\Turnos_controller.php(46): view('turnos/ListaTur...', Array)
#5 C:\xampp\htdocs\BarberiaKing\system\CodeIgniter.php(832): App\Controllers\Turnos_controller->ListarTurnos()
#6 C:\xampp\htdocs\BarberiaKing\system\CodeIgniter.php(419): CodeIgniter\CodeIgniter->runController(Object(App\Controllers\Turnos_controller))
#7 C:\xampp\htdocs\BarberiaKing\system\CodeIgniter.php(326): CodeIgniter\CodeIgniter->handleRequest(NULL, Object(Config\Cache), false)
#8 C:\xampp\htdocs\BarberiaKing\index.php(45): CodeIgniter\CodeIgniter->run()
#9 {main}
CRITICAL - 2026-01-28 08:32:29 --> Undefined array key "hora_turno"
#0 C:\xampp\htdocs\BarberiaKing\app\Views\turnos\ListaTurnos_view.php(159): CodeIgniter\Debug\Exceptions->errorHandler(2, 'Undefined array...', 'C:\\xampp\\htdocs...', 159)
#1 C:\xampp\htdocs\BarberiaKing\system\View\View.php(210): include('C:\\xampp\\htdocs...')
#2 C:\xampp\htdocs\BarberiaKing\system\View\View.php(213): CodeIgniter\View\View->CodeIgniter\View\{closure}()
#3 C:\xampp\htdocs\BarberiaKing\system\Common.php(1089): CodeIgniter\View\View->render('turnos/ListaTur...', Array, true)
#4 C:\xampp\htdocs\BarberiaKing\app\Controllers\Turnos_controller.php(46): view('turnos/ListaTur...', Array)
#5 C:\xampp\htdocs\BarberiaKing\system\CodeIgniter.php(832): App\Controllers\Turnos_controller->ListarTurnos()
#6 C:\xampp\htdocs\BarberiaKing\system\CodeIgniter.php(419): CodeIgniter\CodeIgniter->runController(Object(App\Controllers\Turnos_controller))
#7 C:\xampp\htdocs\BarberiaKing\system\CodeIgniter.php(326): CodeIgniter\CodeIgniter->handleRequest(NULL, Object(Config\Cache), false)
#8 C:\xampp\htdocs\BarberiaKing\index.php(45): CodeIgniter\CodeIgniter->run()
#9 {main}
ERROR - 2026-01-28 08:33:18 --> Unknown column 'hora_turno' in 'field list'
CRITICAL - 2026-01-28 08:33:18 --> Unknown column 'hora_turno' in 'field list'
#0 C:\xampp\htdocs\BarberiaKing\system\Database\MySQLi\Connection.php(292): mysqli->query('UPDATE `turnos`...', 0)
#1 C:\xampp\htdocs\BarberiaKing\system\Database\BaseConnection.php(670): CodeIgniter\Database\MySQLi\Connection->execute('UPDATE `turnos`...')
#2 C:\xampp\htdocs\BarberiaKing\system\Database\BaseConnection.php(598): CodeIgniter\Database\BaseConnection->simpleQuery('UPDATE `turnos`...')
#3 C:\xampp\htdocs\BarberiaKing\system\Database\BaseBuilder.php(1913): CodeIgniter\Database\BaseConnection->query('UPDATE `turnos`...', Array, false)
#4 C:\xampp\htdocs\BarberiaKing\app\Models\turnos_model.php(18): CodeIgniter\Database\BaseBuilder->update(Array)
#5 C:\xampp\htdocs\BarberiaKing\app\Controllers\Turnos_controller.php(424): App\Models\Turnos_model->actualizar_turno('92', Array)
#6 C:\xampp\htdocs\BarberiaKing\system\CodeIgniter.php(832): App\Controllers\Turnos_controller->turno_actualizar('92')
#7 C:\xampp\htdocs\BarberiaKing\system\CodeIgniter.php(419): CodeIgniter\CodeIgniter->runController(Object(App\Controllers\Turnos_controller))
#8 C:\xampp\htdocs\BarberiaKing\system\CodeIgniter.php(326): CodeIgniter\CodeIgniter->handleRequest(NULL, Object(Config\Cache), false)
#9 C:\xampp\htdocs\BarberiaKing\index.php(45): CodeIgniter\CodeIgniter->run()
#10 {main}
CRITICAL - 2026-01-28 08:57:33 --> Undefined variable $turnosHoy
#0 C:\xampp\htdocs\BarberiaKing\app\Views\turnos\ListaTurnos_view.php(158): CodeIgniter\Debug\Exceptions->errorHandler(2, 'Undefined varia...', 'C:\\xampp\\htdocs...', 158)
#1 C:\xampp\htdocs\BarberiaKing\system\View\View.php(210): include('C:\\xampp\\htdocs...')
#2 C:\xampp\htdocs\BarberiaKing\system\View\View.php(213): CodeIgniter\View\View->CodeIgniter\View\{closure}()
#3 C:\xampp\htdocs\BarberiaKing\system\Common.php(1089): CodeIgniter\View\View->render('turnos/ListaTur...', Array, true)
#4 C:\xampp\htdocs\BarberiaKing\app\Controllers\Turnos_controller.php(46): view('turnos/ListaTur...', Array)
#5 C:\xampp\htdocs\BarberiaKing\system\CodeIgniter.php(832): App\Controllers\Turnos_controller->ListarTurnos()
#6 C:\xampp\htdocs\BarberiaKing\system\CodeIgniter.php(419): CodeIgniter\CodeIgniter->runController(Object(App\Controllers\Turnos_controller))
#7 C:\xampp\htdocs\BarberiaKing\system\CodeIgniter.php(326): CodeIgniter\CodeIgniter->handleRequest(NULL, Object(Config\Cache), false)
#8 C:\xampp\htdocs\BarberiaKing\index.php(45): CodeIgniter\CodeIgniter->run()
#9 {main}
CRITICAL - 2026-01-28 08:59:32 --> Undefined array key "cliente"
#0 C:\xampp\htdocs\BarberiaKing\app\Views\turnos\ListaTurnos_view.php(160): CodeIgniter\Debug\Exceptions->errorHandler(2, 'Undefined array...', 'C:\\xampp\\htdocs...', 160)
#1 C:\xampp\htdocs\BarberiaKing\system\View\View.php(210): include('C:\\xampp\\htdocs...')
#2 C:\xampp\htdocs\BarberiaKing\system\View\View.php(213): CodeIgniter\View\View->CodeIgniter\View\{closure}()
#3 C:\xampp\htdocs\BarberiaKing\system\Common.php(1089): CodeIgniter\View\View->render('turnos/ListaTur...', Array, true)
#4 C:\xampp\htdocs\BarberiaKing\app\Controllers\Turnos_controller.php(46): view('turnos/ListaTur...', Array)
#5 C:\xampp\htdocs\BarberiaKing\system\CodeIgniter.php(832): App\Controllers\Turnos_controller->ListarTurnos()
#6 C:\xampp\htdocs\BarberiaKing\system\CodeIgniter.php(419): CodeIgniter\CodeIgniter->runController(Object(App\Controllers\Turnos_controller))
#7 C:\xampp\htdocs\BarberiaKing\system\CodeIgniter.php(326): CodeIgniter\CodeIgniter->handleRequest(NULL, Object(Config\Cache), false)
#8 C:\xampp\htdocs\BarberiaKing\index.php(45): CodeIgniter\CodeIgniter->run()
#9 {main}
CRITICAL - 2026-01-28 09:00:22 --> Undefined array key "servicio_id"
#0 C:\xampp\htdocs\BarberiaKing\app\Views\turnos\ListaTurnos_view.php(163): CodeIgniter\Debug\Exceptions->errorHandler(2, 'Undefined array...', 'C:\\xampp\\htdocs...', 163)
#1 C:\xampp\htdocs\BarberiaKing\system\View\View.php(210): include('C:\\xampp\\htdocs...')
#2 C:\xampp\htdocs\BarberiaKing\system\View\View.php(213): CodeIgniter\View\View->CodeIgniter\View\{closure}()
#3 C:\xampp\htdocs\BarberiaKing\system\Common.php(1089): CodeIgniter\View\View->render('turnos/ListaTur...', Array, true)
#4 C:\xampp\htdocs\BarberiaKing\app\Controllers\Turnos_controller.php(46): view('turnos/ListaTur...', Array)
#5 C:\xampp\htdocs\BarberiaKing\system\CodeIgniter.php(832): App\Controllers\Turnos_controller->ListarTurnos()
#6 C:\xampp\htdocs\BarberiaKing\system\CodeIgniter.php(419): CodeIgniter\CodeIgniter->runController(Object(App\Controllers\Turnos_controller))
#7 C:\xampp\htdocs\BarberiaKing\system\CodeIgniter.php(326): CodeIgniter\CodeIgniter->handleRequest(NULL, Object(Config\Cache), false)
#8 C:\xampp\htdocs\BarberiaKing\index.php(45): CodeIgniter\CodeIgniter->run()
#9 {main}
CRITICAL - 2026-01-28 09:00:45 --> Undefined variable $turnosHoy
#0 C:\xampp\htdocs\BarberiaKing\app\Views\turnos\ListaTurnos_view.php(158): CodeIgniter\Debug\Exceptions->errorHandler(2, 'Undefined varia...', 'C:\\xampp\\htdocs...', 158)
#1 C:\xampp\htdocs\BarberiaKing\system\View\View.php(210): include('C:\\xampp\\htdocs...')
#2 C:\xampp\htdocs\BarberiaKing\system\View\View.php(213): CodeIgniter\View\View->CodeIgniter\View\{closure}()
#3 C:\xampp\htdocs\BarberiaKing\system\Common.php(1089): CodeIgniter\View\View->render('turnos/ListaTur...', Array, true)
#4 C:\xampp\htdocs\BarberiaKing\app\Controllers\Turnos_controller.php(46): view('turnos/ListaTur...', Array)
#5 C:\xampp\htdocs\BarberiaKing\system\CodeIgniter.php(832): App\Controllers\Turnos_controller->ListarTurnos()
#6 C:\xampp\htdocs\BarberiaKing\system\CodeIgniter.php(419): CodeIgniter\CodeIgniter->runController(Object(App\Controllers\Turnos_controller))
#7 C:\xampp\htdocs\BarberiaKing\system\CodeIgniter.php(326): CodeIgniter\CodeIgniter->handleRequest(NULL, Object(Config\Cache), false)
#8 C:\xampp\htdocs\BarberiaKing\index.php(45): CodeIgniter\CodeIgniter->run()
#9 {main}
