CRITICAL - 2026-01-20 08:54:19 --> Undefined variable $validation
#0 C:\xampp\htdocs\BarberiaKing\app\Views\turnos\ListaTurnos_view.php(65): CodeIgniter\Debug\Exceptions->errorHandler(2, 'Undefined varia...', 'C:\\xampp\\htdocs...', 65)
#1 C:\xampp\htdocs\BarberiaKing\system\View\View.php(210): include('C:\\xampp\\htdocs...')
#2 C:\xampp\htdocs\BarberiaKing\system\View\View.php(213): CodeIgniter\View\View->CodeIgniter\View\{closure}()
#3 C:\xampp\htdocs\BarberiaKing\system\Common.php(1089): CodeIgniter\View\View->render('turnos/ListaTur...', Array, true)
#4 C:\xampp\htdocs\BarberiaKing\app\Controllers\Turnos_controller.php(35): view('turnos/ListaTur...', Array)
#5 C:\xampp\htdocs\BarberiaKing\system\CodeIgniter.php(832): App\Controllers\Turnos_controller->ListarTurnos()
#6 C:\xampp\htdocs\BarberiaKing\system\CodeIgniter.php(419): CodeIgniter\CodeIgniter->runController(Object(App\Controllers\Turnos_controller))
#7 C:\xampp\htdocs\BarberiaKing\system\CodeIgniter.php(326): CodeIgniter\CodeIgniter->handleRequest(NULL, Object(Config\Cache), false)
#8 C:\xampp\htdocs\BarberiaKing\index.php(45): CodeIgniter\CodeIgniter->run()
#9 {main}
CRITICAL - 2026-01-20 09:12:33 --> Undefined array key "seccion_id"
#0 C:\xampp\htdocs\BarberiaKing\app\Views\turnos\ListaTurnos_view.php(135): CodeIgniter\Debug\Exceptions->errorHandler(2, 'Undefined array...', 'C:\\xampp\\htdocs...', 135)
#1 C:\xampp\htdocs\BarberiaKing\system\View\View.php(210): include('C:\\xampp\\htdocs...')
#2 C:\xampp\htdocs\BarberiaKing\system\View\View.php(213): CodeIgniter\View\View->CodeIgniter\View\{closure}()
#3 C:\xampp\htdocs\BarberiaKing\system\Common.php(1089): CodeIgniter\View\View->render('turnos/ListaTur...', Array, true)
#4 C:\xampp\htdocs\BarberiaKing\app\Controllers\Turnos_controller.php(35): view('turnos/ListaTur...', Array)
#5 C:\xampp\htdocs\BarberiaKing\system\CodeIgniter.php(832): App\Controllers\Turnos_controller->ListarTurnos()
#6 C:\xampp\htdocs\BarberiaKing\system\CodeIgniter.php(419): CodeIgniter\CodeIgniter->runController(Object(App\Controllers\Turnos_controller))
#7 C:\xampp\htdocs\BarberiaKing\system\CodeIgniter.php(326): CodeIgniter\CodeIgniter->handleRequest(NULL, Object(Config\Cache), false)
#8 C:\xampp\htdocs\BarberiaKing\index.php(45): CodeIgniter\CodeIgniter->run()
#9 {main}
