CRITICAL - 2025-03-28 12:44:36 --> Undefined variable $tipo_pago
#0 C:\xampp\htdocs\BarberiaKing\app\Controllers\Carrito_controller.php(231): CodeIgniter\Debug\Exceptions->errorHandler(2, 'Undefined varia...', 'C:\\xampp\\htdocs...', 231)
#1 C:\xampp\htdocs\BarberiaKing\system\CodeIgniter.php(832): App\Controllers\Carrito_controller->guarda_compra()
#2 C:\xampp\htdocs\BarberiaKing\system\CodeIgniter.php(419): CodeIgniter\CodeIgniter->runController(Object(App\Controllers\Carrito_controller))
#3 C:\xampp\htdocs\BarberiaKing\system\CodeIgniter.php(326): CodeIgniter\CodeIgniter->handleRequest(NULL, Object(Config\Cache), false)
#4 C:\xampp\htdocs\BarberiaKing\index.php(45): CodeIgniter\CodeIgniter->run()
#5 {main}
ERROR - 2025-03-28 10:51:49 --> Unknown column 'u.monto_transferencia' in 'field list'
CRITICAL - 2025-03-28 10:51:49 --> Unknown column 'u.monto_transferencia' in 'field list'
#0 C:\xampp\htdocs\BarberiaKing\system\Database\MySQLi\Connection.php(292): mysqli->query('SELECT `u`.`id`...', 0)
#1 C:\xampp\htdocs\BarberiaKing\system\Database\BaseConnection.php(670): CodeIgniter\Database\MySQLi\Connection->execute('SELECT `u`.`id`...')
#2 C:\xampp\htdocs\BarberiaKing\system\Database\BaseConnection.php(598): CodeIgniter\Database\BaseConnection->simpleQuery('SELECT `u`.`id`...')
#3 C:\xampp\htdocs\BarberiaKing\system\Database\BaseBuilder.php(1455): CodeIgniter\Database\BaseConnection->query('SELECT `u`.`id`...', Array, false)
#4 C:\xampp\htdocs\BarberiaKing\app\Models\Cabecera_model.php(28): CodeIgniter\Database\BaseBuilder->get()
#5 C:\xampp\htdocs\BarberiaKing\app\Controllers\Carrito_controller.php(22): App\Models\Cabecera_model->getVentasConClientes()
#6 C:\xampp\htdocs\BarberiaKing\system\CodeIgniter.php(832): App\Controllers\Carrito_controller->ListVentasCabecera()
#7 C:\xampp\htdocs\BarberiaKing\system\CodeIgniter.php(419): CodeIgniter\CodeIgniter->runController(Object(App\Controllers\Carrito_controller))
#8 C:\xampp\htdocs\BarberiaKing\system\CodeIgniter.php(326): CodeIgniter\CodeIgniter->handleRequest(NULL, Object(Config\Cache), false)
#9 C:\xampp\htdocs\BarberiaKing\index.php(45): CodeIgniter\CodeIgniter->run()
#10 {main}
ERROR - 2025-03-28 13:00:17 --> Column 'id_cliente' cannot be null
CRITICAL - 2025-03-28 13:00:17 --> Column 'id_cliente' cannot be null
#0 C:\xampp\htdocs\BarberiaKing\system\Database\MySQLi\Connection.php(292): mysqli->query('INSERT INTO `ve...', 0)
#1 C:\xampp\htdocs\BarberiaKing\system\Database\BaseConnection.php(670): CodeIgniter\Database\MySQLi\Connection->execute('INSERT INTO `ve...')
#2 C:\xampp\htdocs\BarberiaKing\system\Database\BaseConnection.php(598): CodeIgniter\Database\BaseConnection->simpleQuery('INSERT INTO `ve...')
#3 C:\xampp\htdocs\BarberiaKing\system\Database\BaseBuilder.php(1771): CodeIgniter\Database\BaseConnection->query('INSERT INTO `ve...', Array, false)
#4 C:\xampp\htdocs\BarberiaKing\system\Model.php(239): CodeIgniter\Database\BaseBuilder->insert()
#5 C:\xampp\htdocs\BarberiaKing\system\BaseModel.php(738): CodeIgniter\Model->doInsert(Array)
#6 C:\xampp\htdocs\BarberiaKing\system\Model.php(625): CodeIgniter\BaseModel->insert(Array, false)
#7 C:\xampp\htdocs\BarberiaKing\system\BaseModel.php(658): CodeIgniter\Model->insert(Array, false)
#8 C:\xampp\htdocs\BarberiaKing\app\Controllers\Carrito_controller.php(236): CodeIgniter\BaseModel->save(Array)
#9 C:\xampp\htdocs\BarberiaKing\system\CodeIgniter.php(832): App\Controllers\Carrito_controller->guarda_compra()
#10 C:\xampp\htdocs\BarberiaKing\system\CodeIgniter.php(419): CodeIgniter\CodeIgniter->runController(Object(App\Controllers\Carrito_controller))
#11 C:\xampp\htdocs\BarberiaKing\system\CodeIgniter.php(326): CodeIgniter\CodeIgniter->handleRequest(NULL, Object(Config\Cache), false)
#12 C:\xampp\htdocs\BarberiaKing\index.php(45): CodeIgniter\CodeIgniter->run()
#13 {main}
