CRITICAL - 2026-01-21 08:18:36 --> Class "App\Controllers\ConfigHorariosModel" not found
#0 C:\xampp\htdocs\BarberiaKing\system\CodeIgniter.php(832): App\Controllers\Horarios_controller->index()
#1 C:\xampp\htdocs\BarberiaKing\system\CodeIgniter.php(419): CodeIgniter\CodeIgniter->runController(Object(App\Controllers\Horarios_controller))
#2 C:\xampp\htdocs\BarberiaKing\system\CodeIgniter.php(326): CodeIgniter\CodeIgniter->handleRequest(NULL, Object(Config\Cache), false)
#3 C:\xampp\htdocs\BarberiaKing\index.php(45): CodeIgniter\CodeIgniter->run()
#4 {main}
CRITICAL - 2026-01-21 08:19:03 --> Invalid file: admin/horarios_view.php
#0 C:\xampp\htdocs\BarberiaKing\system\View\View.php(198): CodeIgniter\Exceptions\FrameworkException::forInvalidFile('admin/horarios_...')
#1 C:\xampp\htdocs\BarberiaKing\system\Common.php(1089): CodeIgniter\View\View->render('admin/horarios_...', Array, true)
#2 C:\xampp\htdocs\BarberiaKing\app\Controllers\Horarios_controller.php(15): view('admin/horarios_...', Array)
#3 C:\xampp\htdocs\BarberiaKing\system\CodeIgniter.php(832): App\Controllers\Horarios_controller->index()
#4 C:\xampp\htdocs\BarberiaKing\system\CodeIgniter.php(419): CodeIgniter\CodeIgniter->runController(Object(App\Controllers\Horarios_controller))
#5 C:\xampp\htdocs\BarberiaKing\system\CodeIgniter.php(326): CodeIgniter\CodeIgniter->handleRequest(NULL, Object(Config\Cache), false)
#6 C:\xampp\htdocs\BarberiaKing\index.php(45): CodeIgniter\CodeIgniter->run()
#7 {main}
CRITICAL - 2026-01-21 08:35:35 --> Class "App\Controllers\ConfigHorariosModel" not found
#0 C:\xampp\htdocs\BarberiaKing\system\CodeIgniter.php(832): App\Controllers\Turnos_controller->horariosDisponibles()
#1 C:\xampp\htdocs\BarberiaKing\system\CodeIgniter.php(419): CodeIgniter\CodeIgniter->runController(Object(App\Controllers\Turnos_controller))
#2 C:\xampp\htdocs\BarberiaKing\system\CodeIgniter.php(326): CodeIgniter\CodeIgniter->handleRequest(NULL, Object(Config\Cache), false)
#3 C:\xampp\htdocs\BarberiaKing\index.php(45): CodeIgniter\CodeIgniter->run()
#4 {main}
CRITICAL - 2026-01-21 08:35:38 --> Class "App\Controllers\ConfigHorariosModel" not found
#0 C:\xampp\htdocs\BarberiaKing\system\CodeIgniter.php(832): App\Controllers\Turnos_controller->horariosDisponibles()
#1 C:\xampp\htdocs\BarberiaKing\system\CodeIgniter.php(419): CodeIgniter\CodeIgniter->runController(Object(App\Controllers\Turnos_controller))
#2 C:\xampp\htdocs\BarberiaKing\system\CodeIgniter.php(326): CodeIgniter\CodeIgniter->handleRequest(NULL, Object(Config\Cache), false)
#3 C:\xampp\htdocs\BarberiaKing\index.php(45): CodeIgniter\CodeIgniter->run()
#4 {main}
CRITICAL - 2026-01-21 08:38:55 --> Class "App\Controllers\ConfigHorariosModel" not found
#0 C:\xampp\htdocs\BarberiaKing\system\CodeIgniter.php(832): App\Controllers\Turnos_controller->horariosDisponibles()
#1 C:\xampp\htdocs\BarberiaKing\system\CodeIgniter.php(419): CodeIgniter\CodeIgniter->runController(Object(App\Controllers\Turnos_controller))
#2 C:\xampp\htdocs\BarberiaKing\system\CodeIgniter.php(326): CodeIgniter\CodeIgniter->handleRequest(NULL, Object(Config\Cache), false)
#3 C:\xampp\htdocs\BarberiaKing\index.php(45): CodeIgniter\CodeIgniter->run()
#4 {main}
CRITICAL - 2026-01-21 08:39:01 --> Class "App\Controllers\ConfigHorariosModel" not found
#0 C:\xampp\htdocs\BarberiaKing\system\CodeIgniter.php(832): App\Controllers\Turnos_controller->horariosDisponibles()
#1 C:\xampp\htdocs\BarberiaKing\system\CodeIgniter.php(419): CodeIgniter\CodeIgniter->runController(Object(App\Controllers\Turnos_controller))
#2 C:\xampp\htdocs\BarberiaKing\system\CodeIgniter.php(326): CodeIgniter\CodeIgniter->handleRequest(NULL, Object(Config\Cache), false)
#3 C:\xampp\htdocs\BarberiaKing\index.php(45): CodeIgniter\CodeIgniter->run()
#4 {main}
CRITICAL - 2026-01-21 08:39:05 --> Class "App\Controllers\ConfigHorariosModel" not found
#0 C:\xampp\htdocs\BarberiaKing\system\CodeIgniter.php(832): App\Controllers\Turnos_controller->horariosDisponibles()
#1 C:\xampp\htdocs\BarberiaKing\system\CodeIgniter.php(419): CodeIgniter\CodeIgniter->runController(Object(App\Controllers\Turnos_controller))
#2 C:\xampp\htdocs\BarberiaKing\system\CodeIgniter.php(326): CodeIgniter\CodeIgniter->handleRequest(NULL, Object(Config\Cache), false)
#3 C:\xampp\htdocs\BarberiaKing\index.php(45): CodeIgniter\CodeIgniter->run()
#4 {main}
CRITICAL - 2026-01-21 08:47:00 --> Class "App\Controllers\ConfigHorariosModel" not found
#0 C:\xampp\htdocs\BarberiaKing\system\CodeIgniter.php(832): App\Controllers\Turnos_controller->horariosDisponibles()
#1 C:\xampp\htdocs\BarberiaKing\system\CodeIgniter.php(419): CodeIgniter\CodeIgniter->runController(Object(App\Controllers\Turnos_controller))
#2 C:\xampp\htdocs\BarberiaKing\system\CodeIgniter.php(326): CodeIgniter\CodeIgniter->handleRequest(NULL, Object(Config\Cache), false)
#3 C:\xampp\htdocs\BarberiaKing\index.php(45): CodeIgniter\CodeIgniter->run()
#4 {main}
CRITICAL - 2026-01-21 08:50:03 --> Class "App\Controllers\ConfigHorariosModel" not found
#0 C:\xampp\htdocs\BarberiaKing\system\CodeIgniter.php(832): App\Controllers\Turnos_controller->horariosDisponibles()
#1 C:\xampp\htdocs\BarberiaKing\system\CodeIgniter.php(419): CodeIgniter\CodeIgniter->runController(Object(App\Controllers\Turnos_controller))
#2 C:\xampp\htdocs\BarberiaKing\system\CodeIgniter.php(326): CodeIgniter\CodeIgniter->handleRequest(NULL, Object(Config\Cache), false)
#3 C:\xampp\htdocs\BarberiaKing\index.php(45): CodeIgniter\CodeIgniter->run()
#4 {main}
CRITICAL - 2026-01-21 08:52:42 --> Class "App\Controllers\ConfigHorariosModel" not found
#0 C:\xampp\htdocs\BarberiaKing\system\CodeIgniter.php(832): App\Controllers\Turnos_controller->horariosDisponibles()
#1 C:\xampp\htdocs\BarberiaKing\system\CodeIgniter.php(419): CodeIgniter\CodeIgniter->runController(Object(App\Controllers\Turnos_controller))
#2 C:\xampp\htdocs\BarberiaKing\system\CodeIgniter.php(326): CodeIgniter\CodeIgniter->handleRequest(NULL, Object(Config\Cache), false)
#3 C:\xampp\htdocs\BarberiaKing\index.php(45): CodeIgniter\CodeIgniter->run()
#4 {main}
CRITICAL - 2026-01-21 08:58:49 --> Class "App\Controllers\ConfigHorariosModel" not found
#0 C:\xampp\htdocs\BarberiaKing\system\CodeIgniter.php(832): App\Controllers\Turnos_controller->horariosDisponibles()
#1 C:\xampp\htdocs\BarberiaKing\system\CodeIgniter.php(419): CodeIgniter\CodeIgniter->runController(Object(App\Controllers\Turnos_controller))
#2 C:\xampp\htdocs\BarberiaKing\system\CodeIgniter.php(326): CodeIgniter\CodeIgniter->handleRequest(NULL, Object(Config\Cache), false)
#3 C:\xampp\htdocs\BarberiaKing\index.php(45): CodeIgniter\CodeIgniter->run()
#4 {main}
CRITICAL - 2026-01-21 12:11:20 --> Call to a member function isValid() on null
#0 C:\xampp\htdocs\BarberiaKing\system\CodeIgniter.php(832): App\Controllers\Turnos_controller->RegistrarTurnoOnline()
#1 C:\xampp\htdocs\BarberiaKing\system\CodeIgniter.php(419): CodeIgniter\CodeIgniter->runController(Object(App\Controllers\Turnos_controller))
#2 C:\xampp\htdocs\BarberiaKing\system\CodeIgniter.php(326): CodeIgniter\CodeIgniter->handleRequest(NULL, Object(Config\Cache), false)
#3 C:\xampp\htdocs\BarberiaKing\index.php(45): CodeIgniter\CodeIgniter->run()
#4 {main}
